<testsuites id="" name="" tests="3" failures="3" skipped="0" errors="0" time="1.8256620000000001">
<testsuite name="app.spec.js" timestamp="2024-07-03T22:22:20.890Z" hostname="chromium" tests="3" failures="3" skipped="0" time="0.019" errors="0">
<testcase name="has title" classname="app.spec.js" time="0.006">
<failure message="app.spec.js:4:1 has title" type="FAILURE">
<![CDATA[  [chromium] › app.spec.js:4:1 › has title ─────────────────────────────────────────────────────────

    Error: browserType.launch: Executable doesn't exist at /home/node/.cache/ms-playwright/chromium-1124/chrome-linux/chrome
    ╔═════════════════════════════════════════════════════════════════════════╗
    ║ Looks like Playwright Test or Playwright was just installed or updated. ║
    ║ Please run the following command to download new browsers:              ║
    ║                                                                         ║
    ║     npx playwright install                                              ║
    ║                                                                         ║
    ║ <3 Playwright Team                                                      ║
    ╚═════════════════════════════════════════════════════════════════════════╝
]]>
</failure>
</testcase>
<testcase name="has Jenkins in the body" classname="app.spec.js" time="0.007">
<failure message="app.spec.js:11:1 has Jenkins in the body" type="FAILURE">
<![CDATA[  [chromium] › app.spec.js:11:1 › has Jenkins in the body ──────────────────────────────────────────

    Error: browserType.launch: Executable doesn't exist at /home/node/.cache/ms-playwright/chromium-1124/chrome-linux/chrome
    ╔═════════════════════════════════════════════════════════════════════════╗
    ║ Looks like Playwright Test or Playwright was just installed or updated. ║
    ║ Please run the following command to download new browsers:              ║
    ║                                                                         ║
    ║     npx playwright install                                              ║
    ║                                                                         ║
    ║ <3 Playwright Team                                                      ║
    ╚═════════════════════════════════════════════════════════════════════════╝
]]>
</failure>
</testcase>
<testcase name="has expected app version" classname="app.spec.js" time="0.006">
<failure message="app.spec.js:18:1 has expected app version" type="FAILURE">
<![CDATA[  [chromium] › app.spec.js:18:1 › has expected app version ─────────────────────────────────────────

    Error: browserType.launch: Executable doesn't exist at /home/node/.cache/ms-playwright/chromium-1124/chrome-linux/chrome
    ╔═════════════════════════════════════════════════════════════════════════╗
    ║ Looks like Playwright Test or Playwright was just installed or updated. ║
    ║ Please run the following command to download new browsers:              ║
    ║                                                                         ║
    ║     npx playwright install                                              ║
    ║                                                                         ║
    ║ <3 Playwright Team                                                      ║
    ╚═════════════════════════════════════════════════════════════════════════╝
]]>
</failure>
</testcase>
</testsuite>
</testsuites>